#-----------------------------------------------------------
# Vivado v2025.1 (64-bit)
# SW Build 6140274 on Wed May 21 22:58:25 MDT 2025
# IP Build 6138677 on Thu May 22 03:10:11 MDT 2025
# SharedData Build 6139179 on Tue May 20 17:58:58 MDT 2025
# Start of session at: Mon Feb  9 12:26:22 2026
# Process ID         : 15585
# Current directory  : /home/animandal/vivado_projects/ov2640_nexys/ov2640_nexys.runs/clk_wiz_0_synth_1
# Command line       : vivado -log clk_wiz_0.vds -product Vivado -mode batch -messageDb vivado.pb -notrace -source clk_wiz_0.tcl
# Log file           : /home/animandal/vivado_projects/ov2640_nexys/ov2640_nexys.runs/clk_wiz_0_synth_1/clk_wiz_0.vds
# Journal file       : /home/animandal/vivado_projects/ov2640_nexys/ov2640_nexys.runs/clk_wiz_0_synth_1/vivado.jou
# Running On         : aniruddha-HP-Laptop
# Platform           : Ubuntu
# Operating System   : Ubuntu 24.04.3 LTS
# Processor Detail   : Intel(R) Core(TM) i5-8250U CPU @ 1.60GHz
# CPU Frequency      : 3404.879 MHz
# CPU Physical cores : 4
# CPU Logical cores  : 8
# Host memory        : 8224 MB
# Swap memory        : 4294 MB
# Total Virtual      : 12519 MB
# Available Virtual  : 9830 MB
#-----------------------------------------------------------
source clk_wiz_0.tcl -notrace
